--------------------------------------------------------------------------------------
Timing Analyzer Summary
--------------------------------------------------------------------------------------

Type           : Worst-case tsu
Slack          : N/A
Required Time  : None
Actual Time    : 0.071 ns
From           : MemoryData[0]
To             : CommandHandler:inst2|lpm_tff1:inst|lpm_ff:lpm_ff_component|dffs[0]
From Clock     : --
To Clock       : clk
Failed Paths   : 0

Type           : Worst-case tco
Slack          : N/A
Required Time  : None
Actual Time    : 11.240 ns
From           : CommandHandler:inst2|lpm_tff1:inst|lpm_ff:lpm_ff_component|dffs[7]
To             : TestCommand[7]
From Clock     : clk
To Clock       : --
Failed Paths   : 0

Type           : Worst-case tpd
Slack          : N/A
Required Time  : None
Actual Time    : 7.367 ns
From           : RonIN[0]
To             : MemoryDataOut[0]
From Clock     : --
To Clock       : --
Failed Paths   : 0

Type           : Worst-case th
Slack          : N/A
Required Time  : None
Actual Time    : 1.116 ns
From           : MemoryData[3]
To             : CommandHandler:inst2|lpm_tff1:inst|lpm_ff:lpm_ff_component|dffs[3]
From Clock     : --
To Clock       : clk
Failed Paths   : 0

Type           : Clock Setup: 'clk'
Slack          : N/A
Required Time  : None
Actual Time    : 186.29 MHz ( period = 5.368 ns )
From           : CommandHandler:inst2|lpm_tff1:inst|lpm_ff:lpm_ff_component|dffs[0]
To             : IPreg:inst|lpm_counter3:inst|lpm_counter:lpm_counter_component|cntr_n9j:auto_generated|safe_q[0]
From Clock     : clk
To Clock       : clk
Failed Paths   : 0

Type           : Total number of failed paths
Slack          : 
Required Time  : 
Actual Time    : 
From           : 
To             : 
From Clock     : 
To Clock       : 
Failed Paths   : 0

--------------------------------------------------------------------------------------

